Microchip MPLAB XC8 Compiler V1.35 ()

Linker command line:

-W-3 --edf=C:\Program Files (x86)\Microchip\xc8\v1.35\dat\en_msgs.txt -cs \
  -h+dist/default/production\BabyMirror.X.production.sym \
  --cmf=dist/default/production\BabyMirror.X.production.cmf -z -Q18F242 \
  -oC:\Users\JUANDE~1\AppData\Local\Temp\s4a4.2 \
  -Mdist/default/production/BabyMirror.X.production.map -E1 -ver=XC8 \
  -ASTACK=080h-02ffh -pstack=STACK -ACODE=00h-03FFFh -ACONST=00h-03FFFh \
  -ASMALLCONST=0300h-03FFhx61 -AMEDIUMCONST=0300h-03FFFh -ACOMRAM=01h-07Fh \
  -AABS1=00h-02FFh -ABIGRAM=01h-02FFh -ARAM=080h-0FFh,0100h-01FFhx2 \
  -ABANK0=080h-0FFh -ABANK1=0100h-01FFh -ABANK2=0200h-02FFh \
  -ASFR=0F80h-0FFFh \
  -preset_vec=00h,intcode=08h,intcodelo,powerup,init,end_init \
  -pramtop=0300h -psmallconst=SMALLCONST -pmediumconst=MEDIUMCONST \
  -pconst=CONST -AFARRAM=00h-00h -ACONFIG=0300000h-030000Dh -pconfig=CONFIG \
  -AIDLOC=0200000h-0200007h -pidloc=IDLOC -AEEDATA=0F00000h-0F000FFh \
  -peeprom_data=EEDATA \
  -prdata=COMRAM,nvrram=COMRAM,nvbit=COMRAM,rbss=COMRAM,rbit=COMRAM \
  -pfarbss=FARRAM,fardata=FARRAM,nvFARRAM=FARRAM \
  -pintsave_regs=BIGRAM,bigbss=BIGRAM,bigdata=BIGRAM -pbss=RAM \
  -pidata=CODE,irdata=CODE,ibigdata=CODE,ifardata=CODE -prparam=COMRAM \
  C:\Users\JUANDE~1\AppData\Local\Temp\s4a4.obj \
  dist/default/production\BabyMirror.X.production.obj 

Object code version is 3.11

Machine type is 18F242

Call graph: (short form)




                Name                               Link     Load   Length Selector   Space Scale
C:\Users\JUANDE~1\AppData\Local\Temp\s4a4.obj
                end_init                             FE       FE        4        4       0
                reset_vec                             0        0        6        0       0
                idloc                            200000   200000        8   200000       0
                config                           300000   300000        E   300000       0
dist/default/production\BabyMirror.X.production.obj
                intcode                               8        8       F6        4       0
                temp                                 20       20        1        1       1
                text20                              274      274       12        4       0
                text19                              1EC      1EC       24        4       0
                text18                              262      262       12        4       0
                text17                              1C8      1C8       24        4       0
                text16                              226      226       16        4       0
                text15                              1A4      1A4       24        4       0
                text14                              2C8      2C8        A        4       0
                text13                              250      250       12        4       0
                text12                              180      180       24        4       0
                text11                              210      210       16        4       0
                text10                              15C      15C       24        4       0
                text9                               2BE      2BE        A        4       0
                text8                               2DE      2DE        4        4       0
                text7                               138      138       24        4       0
                text6                               2B0      2B0        E        4       0
                text5                               2A2      2A2        E        4       0
                text3                               294      294        E        4       0
                text2                               2D2      2D2        8        4       0
                text1                               23C      23C       14        4       0
                text0                               286      286        E        4       0
                cstackCOMRAM                          1        1        F        1       1
                dataCOMRAM                           1C       1C        4        1       1
                bssCOMRAM                            10       10        C        1       1
                cinit                               102      102       36        4       0
                idataCOMRAM                         2DA      2DA        4        4       0

TOTAL           Name                               Link     Load   Length     Space
        CLASS   STACK          

        CLASS   CODE           
                end_init                             FE       FE        4         0
                intcode                               8        8       F6         0
                reset_vec                             0        0        6         0
                text20                              274      274       12         0
                text19                              1EC      1EC       24         0
                text18                              262      262       12         0
                text17                              1C8      1C8       24         0
                text16                              226      226       16         0
                text15                              1A4      1A4       24         0
                text14                              2C8      2C8        A         0
                text13                              250      250       12         0
                text12                              180      180       24         0
                text11                              210      210       16         0
                text10                              15C      15C       24         0
                text9                               2BE      2BE        A         0
                text8                               2DE      2DE        4         0
                text7                               138      138       24         0
                text6                               2B0      2B0        E         0
                text5                               2A2      2A2        E         0
                text3                               294      294        E         0
                text2                               2D2      2D2        8         0
                text1                               23C      23C       14         0
                text0                               286      286        E         0
                cinit                               102      102       36         0
                idataCOMRAM                         2DA      2DA        4         0

        CLASS   CONST          

        CLASS   SMALLCONST     

        CLASS   MEDIUMCONST    

        CLASS   COMRAM         
                temp                                 20       20        1         1
                cstackCOMRAM                          1        1        F         1
                dataCOMRAM                           1C       1C        4         1
                bssCOMRAM                            10       10        C         1

        CLASS   ABS1           

        CLASS   BIGRAM         

        CLASS   RAM            

        CLASS   BANK0          

        CLASS   BANK1          

        CLASS   BANK2          

        CLASS   SFR            

        CLASS   FARRAM         

        CLASS   CONFIG         
                config                           300000   300000        E         0

        CLASS   IDLOC          
                idloc                            200000   200000        8         0

        CLASS   EEDATA         



SEGMENTS        Name                           Load    Length   Top    Selector   Space  Class

                reset_vec                      000000  000006  000006         0       0  CODE    
                cstackCOMRAM                   000001  000020  000021         1       1  COMRAM  
                intcode                        000008  0002DA  0002E2         4       0  CODE    
                idloc                          200000  000008  200008    200000       0  IDLOC   
                config                         300000  00000E  30000E    300000       0  CONFIG  


UNUSED ADDRESS RANGES

        Name                Unused          Largest block    Delta
        BANK0            000080-0000FF               80
        BANK1            000100-0001FF              100
        BANK2            000200-0002FF              100
        BIGRAM           000021-0002FF              2DF
        CODE             000006-000007                2
                         0002E2-003FFF             3D1E
        COMRAM           000021-00007F               5F
        CONST            000006-000007                2
                         0002E2-003FFF             3D1E
        EEDATA           F00000-F000FF              100
        MEDIUMCONST      000300-003FFF             3D00
        RAM              000080-0002FF              100
        SFR              000F80-000FFF               80
        SMALLCONST       000300-003FFF              100
        STACK            000080-0002FF              280

                                  Symbol Table

WriteMotor1Output@output               cstackCOMRAM 000001
WriteMotor2Output@output               cstackCOMRAM 000001
_CenterMotors                          text20       000274
_ConfigureTimers                       text3        000294
_DecrementMotor1DutyCycle              text18       000262
_DecrementMotor2DutyCycle              text13       000250
_GIE                                   (abs)        007F97
_INTCON2bits                           (abs)        000FF1
_IncrementMotor1DutyCycle              text16       000226
_IncrementMotor2DutyCycle              text11       000210
_InitializeOutputPins                  text2        0002D2
_Interrupt                             intcode      000008
_IntializeInputPins                    text1        00023C
_MonitorCenteringButton                text19       0001EC
_MonitorMotor1Buttons                  text14       0002C8
_MonitorMotor1DecrementButton          text17       0001C8
_MonitorMotor1IncrementButton          text15       0001A4
_MonitorMotor2Buttons                  text9        0002BE
_MonitorMotor2DecrementButton          text12       000180
_MonitorMotor2IncrementButton          text10       00015C
_MonitorRelayButton                    text7        000138
_RB0                                   (abs)        007C08
_RB1                                   (abs)        007C09
_RB2                                   (abs)        007C0A
_RB3                                   (abs)        007C0B
_RB4                                   (abs)        007C0C
_RB5                                   (abs)        007C0D
_RC3                                   (abs)        007C13
_RC4                                   (abs)        007C14
_RC5                                   (abs)        007C15
_T0CON                                 (abs)        000FD5
_TMR0IE                                (abs)        007F95
_TMR0IF                                (abs)        007F92
_TMR0L                                 (abs)        000FD6
_TRISBbits                             (abs)        000F93
_TRISCbits                             (abs)        000F94
_ToggleRelayOutput                     text8        0002DE
_WriteMotor1Output                     text6        0002B0
_WriteMotor2Output                     text5        0002A2
__CFG_BOR$ON                           (abs)        000000
__CFG_BORV$20                          (abs)        000000
__CFG_CCP2MUX$ON                       (abs)        000000
__CFG_CP0$OFF                          (abs)        000000
__CFG_CP1$OFF                          (abs)        000000
__CFG_CPB$OFF                          (abs)        000000
__CFG_CPD$OFF                          (abs)        000000
__CFG_EBTR0$OFF                        (abs)        000000
__CFG_EBTR1$OFF                        (abs)        000000
__CFG_EBTRB$OFF                        (abs)        000000
__CFG_LVP$ON                           (abs)        000000
__CFG_OSC$XT                           (abs)        000000
__CFG_OSCS$OFF                         (abs)        000000
__CFG_PWRT$OFF                         (abs)        000000
__CFG_STVR$ON                          (abs)        000000
__CFG_WDT$OFF                          (abs)        000000
__CFG_WDTPS$128                        (abs)        000000
__CFG_WRT0$OFF                         (abs)        000000
__CFG_WRT1$OFF                         (abs)        000000
__CFG_WRTB$OFF                         (abs)        000000
__CFG_WRTC$OFF                         (abs)        000000
__CFG_WRTD$OFF                         (abs)        000000
__HRAM                                 (abs)        000000
__Habs1                                abs1         000000
__Hbank0                               bank0        000000
__Hbank1                               bank1        000000
__Hbank2                               bank2        000000
__Hbigbss                              bigbss       000000
__Hbigdata                             bigdata      000000
__Hbigram                              bigram       000000
__Hbss                                 bss          000000
__HbssCOMRAM                           bssCOMRAM    000000
__Hcinit                               cinit        000000
__Hclrtext                             clrtext      000000
__Hcomram                              comram       000000
__Hconfig                              config       30000E
__Hconst                               const        000000
__HcstackCOMRAM                        cstackCOMRAM 000000
__Hdata                                data         000000
__HdataCOMRAM                          dataCOMRAM   000000
__Heeprom_data                         eeprom_data  000000
__Hend_init                            end_init     000102
__Hfarbss                              farbss       000000
__Hfardata                             fardata      000000
__Hibigdata                            ibigdata     000000
__Hidata                               idata        000000
__HidataCOMRAM                         idataCOMRAM  000000
__Hidloc                               idloc        200008
__Hifardata                            ifardata     000000
__Hinit                                init         0000FE
__Hintcode                             intcode      0000FE
__Hintcode_body                        intcode_body 000000
__Hintcodelo                           intcodelo    0000FE
__Hintentry                            intentry     000000
__Hintret                              intret       000000
__Hintsave_regs                        intsave_regs 000000
__Hirdata                              irdata       000000
__Hmediumconst                         mediumconst  000000
__HnvFARRAM                            nvFARRAM     000000
__Hnvbit                               nvbit        000000
__Hnvrram                              nvrram       000000
__Hparam                               rparam       000000
__Hpowerup                             powerup      0000FE
__Hram                                 ram          000000
__Hramtop                              ramtop       000300
__Hrbit                                rbit         000000
__Hrbss                                rbss         000000
__Hrdata                               rdata        000000
__Hreset_vec                           reset_vec    000006
__Hrparam                              rparam       000000
__Hsfr                                 sfr          000000
__Hsmallconst                          smallconst   000000
__Hspace_0                             (abs)        30000E
__Hspace_1                             (abs)        000021
__Hspace_2                             (abs)        000000
__Hstack                               stack        000000
__Hstruct                              struct       000000
__Htemp                                temp         000021
__Htext                                text         000000
__Htext0                               text0        000000
__Htext1                               text1        000000
__Htext10                              text10       000000
__Htext11                              text11       000000
__Htext12                              text12       000000
__Htext13                              text13       000000
__Htext14                              text14       000000
__Htext15                              text15       000000
__Htext16                              text16       000000
__Htext17                              text17       000000
__Htext18                              text18       000000
__Htext19                              text19       000000
__Htext2                               text2        000000
__Htext20                              text20       000000
__Htext3                               text3        000000
__Htext5                               text5        000000
__Htext6                               text6        000000
__Htext7                               text7        000000
__Htext8                               text8        000000
__Htext9                               text9        000000
__LRAM                                 (abs)        000001
__Labs1                                abs1         000000
__Lbank0                               bank0        000000
__Lbank1                               bank1        000000
__Lbank2                               bank2        000000
__Lbigbss                              bigbss       000000
__Lbigdata                             bigdata      000000
__Lbigram                              bigram       000000
__Lbss                                 bss          000000
__LbssCOMRAM                           bssCOMRAM    000000
__Lcinit                               cinit        000000
__Lclrtext                             clrtext      000000
__Lcomram                              comram       000000
__Lconfig                              config       300000
__Lconst                               const        000000
__LcstackCOMRAM                        cstackCOMRAM 000000
__Ldata                                data         000000
__LdataCOMRAM                          dataCOMRAM   000000
__Leeprom_data                         eeprom_data  000000
__Lend_init                            end_init     0000FE
__Lfarbss                              farbss       000000
__Lfardata                             fardata      000000
__Libigdata                            ibigdata     000000
__Lidata                               idata        000000
__LidataCOMRAM                         idataCOMRAM  000000
__Lidloc                               idloc        200000
__Lifardata                            ifardata     000000
__Linit                                init         0000FE
__Lintcode                             intcode      000008
__Lintcode_body                        intcode_body 000000
__Lintcodelo                           intcodelo    0000FE
__Lintentry                            intentry     000000
__Lintret                              intret       000000
__Lintsave_regs                        intsave_regs 000000
__Lirdata                              irdata       000000
__Lmediumconst                         mediumconst  000000
__LnvFARRAM                            nvFARRAM     000000
__Lnvbit                               nvbit        000000
__Lnvrram                              nvrram       000000
__Lparam                               rparam       000000
__Lpowerup                             powerup      0000FE
__Lram                                 ram          000000
__Lramtop                              ramtop       000300
__Lrbit                                rbit         000000
__Lrbss                                rbss         000000
__Lrdata                               rdata        000000
__Lreset_vec                           reset_vec    000000
__Lrparam                              rparam       000000
__Lsfr                                 sfr          000000
__Lsmallconst                          smallconst   000000
__Lspace_0                             (abs)        000000
__Lspace_1                             (abs)        000000
__Lspace_2                             (abs)        000000
__Lstack                               stack        000000
__Lstruct                              struct       000000
__Ltemp                                temp         000020
__Ltext                                text         000000
__Ltext0                               text0        000000
__Ltext1                               text1        000000
__Ltext10                              text10       000000
__Ltext11                              text11       000000
__Ltext12                              text12       000000
__Ltext13                              text13       000000
__Ltext14                              text14       000000
__Ltext15                              text15       000000
__Ltext16                              text16       000000
__Ltext17                              text17       000000
__Ltext18                              text18       000000
__Ltext19                              text19       000000
__Ltext2                               text2        000000
__Ltext20                              text20       000000
__Ltext3                               text3        000000
__Ltext5                               text5        000000
__Ltext6                               text6        000000
__Ltext7                               text7        000000
__Ltext8                               text8        000000
__Ltext9                               text9        000000
__S0                                   (abs)        30000E
__S1                                   (abs)        000021
__S2                                   (abs)        000000
___inthi_sp                            stack        000000
___intlo_sp                            stack        000000
___param_bank                          (abs)        000010
___rparam_used                         (abs)        000001
___sp                                  stack        000000
__accesstop                            (abs)        000080
__activetblptr                         (abs)        000000
__end_of_CenterMotors                  text20       000286
__end_of_ConfigureTimers               text3        0002A2
__end_of_DecrementMotor1DutyCycle      text18       000274
__end_of_DecrementMotor2DutyCycle      text13       000262
__end_of_IncrementMotor1DutyCycle      text16       00023C
__end_of_IncrementMotor2DutyCycle      text11       000226
__end_of_InitializeOutputPins          text2        0002DA
__end_of_Interrupt                     intcode      0000FE
__end_of_IntializeInputPins            text1        000250
__end_of_MonitorCenteringButton        text19       000210
__end_of_MonitorMotor1Buttons          text14       0002D2
__end_of_MonitorMotor1DecrementButton  text17       0001EC
__end_of_MonitorMotor1IncrementButton  text15       0001C8
__end_of_MonitorMotor2Buttons          text9        0002C8
__end_of_MonitorMotor2DecrementButton  text12       0001A4
__end_of_MonitorMotor2IncrementButton  text10       000180
__end_of_MonitorRelayButton            text7        00015C
__end_of_ToggleRelayOutput             text8        0002E2
__end_of_WriteMotor1Output             text6        0002BE
__end_of_WriteMotor2Output             text5        0002B0
__end_of__initialization               cinit        00012E
__end_of_main                          text0        000294
__initialization                       cinit        000102
__mediumconst                          mediumconst  000000
__pbssCOMRAM                           bssCOMRAM    000010
__pcinit                               cinit        000102
__pcstackCOMRAM                        cstackCOMRAM 000001
__pdataCOMRAM                          dataCOMRAM   00001C
__pidataCOMRAM                         idataCOMRAM  0002DA
__pintcode                             intcode      000008
__ptext0                               text0        000286
__ptext1                               text1        00023C
__ptext10                              text10       00015C
__ptext11                              text11       000210
__ptext12                              text12       000180
__ptext13                              text13       000250
__ptext14                              text14       0002C8
__ptext15                              text15       0001A4
__ptext16                              text16       000226
__ptext17                              text17       0001C8
__ptext18                              text18       000262
__ptext19                              text19       0001EC
__ptext2                               text2        0002D2
__ptext20                              text20       000274
__ptext3                               text3        000294
__ptext5                               text5        0002A2
__ptext6                               text6        0002B0
__ptext7                               text7        000138
__ptext8                               text8        0002DE
__ptext9                               text9        0002BE
__ramtop                               ramtop       000300
__size_of_CenterMotors                 (abs)        000000
__size_of_ConfigureTimers              (abs)        000000
__size_of_DecrementMotor1DutyCycle     (abs)        000000
__size_of_DecrementMotor2DutyCycle     (abs)        000000
__size_of_IncrementMotor1DutyCycle     (abs)        000000
__size_of_IncrementMotor2DutyCycle     (abs)        000000
__size_of_InitializeOutputPins         (abs)        000000
__size_of_Interrupt                    (abs)        000000
__size_of_IntializeInputPins           (abs)        000000
__size_of_MonitorCenteringButton       (abs)        000000
__size_of_MonitorMotor1Buttons         (abs)        000000
__size_of_MonitorMotor1DecrementButton (abs)        000000
__size_of_MonitorMotor1IncrementButton (abs)        000000
__size_of_MonitorMotor2Buttons         (abs)        000000
__size_of_MonitorMotor2DecrementButton (abs)        000000
__size_of_MonitorMotor2IncrementButton (abs)        000000
__size_of_MonitorRelayButton           (abs)        000000
__size_of_ToggleRelayOutput            (abs)        000000
__size_of_WriteMotor1Output            (abs)        000000
__size_of_WriteMotor2Output            (abs)        000000
__size_of_main                         (abs)        000000
__smallconst                           smallconst   000000
_dutyCycle1                            dataCOMRAM   00001C
_dutyCycle1Counter                     bssCOMRAM    000010
_dutyCycle2                            dataCOMRAM   00001E
_dutyCycle2Counter                     bssCOMRAM    000012
_main                                  text0        000286
_periodCounter                         bssCOMRAM    000014
_pressReleaseFlag1                     bssCOMRAM    000016
_pressReleaseFlag2                     bssCOMRAM    000017
_pressReleaseFlag3                     bssCOMRAM    000018
_pressReleaseFlag4                     bssCOMRAM    000019
_pressReleaseFlagCenter                bssCOMRAM    00001A
_pressReleaseFlagRelay                 bssCOMRAM    00001B
btemp                                  temp         000020
end_of_initialization                  cinit        00012E
int$flags                              temp         000020
intlevel0                              text         000000
intlevel1                              text         000000
intlevel2                              text         000000
intlevel3                              text         000000
stackhi                                (abs)        0002FF
stacklo                                (abs)        000080
start                                  init         0000FE
start_initialization                   cinit        000102


FUNCTION INFORMATION:

 *************** function _main *****************
 Defined at:
		line 120 in file "main.c"
 Parameters:    Size  Location     Type
		None
 Auto vars:     Size  Location     Type
		None
 Return value:  Size  Location     Type
		None               void
 Registers used:
		wreg, status,2, cstack
 Tracked objects:
		On entry : 
		On exit  : 
		Unchanged: 
 Data sizes:     COMRAM   BANK0   BANK1   BANK2
      Params:         0       0       0       0
      Locals:         0       0       0       0
      Temps:          0       0       0       0
      Totals:         0       0       0       0
Total ram usage:        0 bytes
 Hardware stack levels required when called:    5
 This function calls:
		_ConfigureTimers
		_InitializeOutputPins
		_IntializeInputPins
 This function is called by:
		Startup code after reset
 This function uses a non-reentrant model


 *************** function _IntializeInputPins *****************
 Defined at:
		line 91 in file "main.c"
 Parameters:    Size  Location     Type
		None
 Auto vars:     Size  Location     Type
		None
 Return value:  Size  Location     Type
		None               void
 Registers used:
		None
 Tracked objects:
		On entry : 
		On exit  : 
		Unchanged: 
 Data sizes:     COMRAM   BANK0   BANK1   BANK2
      Params:         0       0       0       0
      Locals:         0       0       0       0
      Temps:          0       0       0       0
      Totals:         0       0       0       0
Total ram usage:        0 bytes
 Hardware stack levels used:    1
 Hardware stack levels required when called:    4
 This function calls:
		Nothing
 This function is called by:
		_main
 This function uses a non-reentrant model


 *************** function _InitializeOutputPins *****************
 Defined at:
		line 84 in file "main.c"
 Parameters:    Size  Location     Type
		None
 Auto vars:     Size  Location     Type
		None
 Return value:  Size  Location     Type
		None               void
 Registers used:
		None
 Tracked objects:
		On entry : 
		On exit  : 
		Unchanged: 
 Data sizes:     COMRAM   BANK0   BANK1   BANK2
      Params:         0       0       0       0
      Locals:         0       0       0       0
      Temps:          0       0       0       0
      Totals:         0       0       0       0
Total ram usage:        0 bytes
 Hardware stack levels used:    1
 Hardware stack levels required when called:    4
 This function calls:
		Nothing
 This function is called by:
		_main
 This function uses a non-reentrant model


 *************** function _ConfigureTimers *****************
 Defined at:
		line 75 in file "main.c"
 Parameters:    Size  Location     Type
		None
 Auto vars:     Size  Location     Type
		None
 Return value:  Size  Location     Type
		None               void
 Registers used:
		wreg, status,2
 Tracked objects:
		On entry : 
		On exit  : 
		Unchanged: 
 Data sizes:     COMRAM   BANK0   BANK1   BANK2
      Params:         0       0       0       0
      Locals:         0       0       0       0
      Temps:          0       0       0       0
      Totals:         0       0       0       0
Total ram usage:        0 bytes
 Hardware stack levels used:    1
 Hardware stack levels required when called:    4
 This function calls:
		Nothing
 This function is called by:
		_main
 This function uses a non-reentrant model


 *************** function _Interrupt *****************
 Defined at:
		line 261 in file "main.c"
 Parameters:    Size  Location     Type
		None
 Auto vars:     Size  Location     Type
		None
 Return value:  Size  Location     Type
		None               void
 Registers used:
		wreg, status,2, status,0, cstack
 Tracked objects:
		On entry : 
		On exit  : 
		Unchanged: 
 Data sizes:     COMRAM   BANK0   BANK1   BANK2
      Params:         0       0       0       0
      Locals:         0       0       0       0
      Temps:         14       0       0       0
      Totals:        14       0       0       0
Total ram usage:       14 bytes
 Hardware stack levels used:    1
 Hardware stack levels required when called:    3
 This function calls:
		_MonitorCenteringButton
		_MonitorMotor1Buttons
		_MonitorMotor2Buttons
		_MonitorRelayButton
		_WriteMotor1Output
		_WriteMotor2Output
 This function is called by:
		Interrupt level 2
 This function uses a non-reentrant model


 *************** function _WriteMotor2Output *****************
 Defined at:
		line 110 in file "main.c"
 Parameters:    Size  Location     Type
  output          1    wreg     unsigned char 
 Auto vars:     Size  Location     Type
  output          1    0[COMRAM] unsigned char 
 Return value:  Size  Location     Type
		None               void
 Registers used:
		wreg
 Tracked objects:
		On entry : 
		On exit  : 
		Unchanged: 
 Data sizes:     COMRAM   BANK0   BANK1   BANK2
      Params:         0       0       0       0
      Locals:         1       0       0       0
      Temps:          0       0       0       0
      Totals:         1       0       0       0
Total ram usage:        1 bytes
 Hardware stack levels used:    1
 This function calls:
		Nothing
 This function is called by:
		_Interrupt
 This function uses a non-reentrant model


 *************** function _WriteMotor1Output *****************
 Defined at:
		line 105 in file "main.c"
 Parameters:    Size  Location     Type
  output          1    wreg     unsigned char 
 Auto vars:     Size  Location     Type
  output          1    0[COMRAM] unsigned char 
 Return value:  Size  Location     Type
		None               void
 Registers used:
		wreg
 Tracked objects:
		On entry : 
		On exit  : 
		Unchanged: 
 Data sizes:     COMRAM   BANK0   BANK1   BANK2
      Params:         0       0       0       0
      Locals:         1       0       0       0
      Temps:          0       0       0       0
      Totals:         1       0       0       0
Total ram usage:        1 bytes
 Hardware stack levels used:    1
 This function calls:
		Nothing
 This function is called by:
		_Interrupt
 This function uses a non-reentrant model


 *************** function _MonitorRelayButton *****************
 Defined at:
		line 248 in file "main.c"
 Parameters:    Size  Location     Type
		None
 Auto vars:     Size  Location     Type
		None
 Return value:  Size  Location     Type
		None               void
 Registers used:
		wreg, status,2, status,0, cstack
 Tracked objects:
		On entry : 
		On exit  : 
		Unchanged: 
 Data sizes:     COMRAM   BANK0   BANK1   BANK2
      Params:         0       0       0       0
      Locals:         0       0       0       0
      Temps:          0       0       0       0
      Totals:         0       0       0       0
Total ram usage:        0 bytes
 Hardware stack levels used:    1
 Hardware stack levels required when called:    1
 This function calls:
		_ToggleRelayOutput
 This function is called by:
		_Interrupt
 This function uses a non-reentrant model


 *************** function _ToggleRelayOutput *****************
 Defined at:
		line 115 in file "main.c"
 Parameters:    Size  Location     Type
		None
 Auto vars:     Size  Location     Type
		None
 Return value:  Size  Location     Type
		None               void
 Registers used:
		None
 Tracked objects:
		On entry : 
		On exit  : 
		Unchanged: 
 Data sizes:     COMRAM   BANK0   BANK1   BANK2
      Params:         0       0       0       0
      Locals:         0       0       0       0
      Temps:          0       0       0       0
      Totals:         0       0       0       0
Total ram usage:        0 bytes
 Hardware stack levels used:    1
 This function calls:
		Nothing
 This function is called by:
		_MonitorRelayButton
 This function uses a non-reentrant model


 *************** function _MonitorMotor2Buttons *****************
 Defined at:
		line 242 in file "main.c"
 Parameters:    Size  Location     Type
		None
 Auto vars:     Size  Location     Type
		None
 Return value:  Size  Location     Type
		None               void
 Registers used:
		wreg, status,2, status,0, cstack
 Tracked objects:
		On entry : 
		On exit  : 
		Unchanged: 
 Data sizes:     COMRAM   BANK0   BANK1   BANK2
      Params:         0       0       0       0
      Locals:         0       0       0       0
      Temps:          0       0       0       0
      Totals:         0       0       0       0
Total ram usage:        0 bytes
 Hardware stack levels used:    1
 Hardware stack levels required when called:    2
 This function calls:
		_MonitorMotor2DecrementButton
		_MonitorMotor2IncrementButton
 This function is called by:
		_Interrupt
 This function uses a non-reentrant model


 *************** function _MonitorMotor2IncrementButton *****************
 Defined at:
		line 197 in file "main.c"
 Parameters:    Size  Location     Type
		None
 Auto vars:     Size  Location     Type
		None
 Return value:  Size  Location     Type
		None               void
 Registers used:
		wreg, status,2, status,0, cstack
 Tracked objects:
		On entry : 
		On exit  : 
		Unchanged: 
 Data sizes:     COMRAM   BANK0   BANK1   BANK2
      Params:         0       0       0       0
      Locals:         0       0       0       0
      Temps:          0       0       0       0
      Totals:         0       0       0       0
Total ram usage:        0 bytes
 Hardware stack levels used:    1
 Hardware stack levels required when called:    1
 This function calls:
		_IncrementMotor2DutyCycle
 This function is called by:
		_MonitorMotor2Buttons
 This function uses a non-reentrant model


 *************** function _IncrementMotor2DutyCycle *****************
 Defined at:
		line 149 in file "main.c"
 Parameters:    Size  Location     Type
		None
 Auto vars:     Size  Location     Type
		None
 Return value:  Size  Location     Type
		None               void
 Registers used:
		wreg, status,2, status,0
 Tracked objects:
		On entry : 
		On exit  : 
		Unchanged: 
 Data sizes:     COMRAM   BANK0   BANK1   BANK2
      Params:         0       0       0       0
      Locals:         0       0       0       0
      Temps:          0       0       0       0
      Totals:         0       0       0       0
Total ram usage:        0 bytes
 Hardware stack levels used:    1
 This function calls:
		Nothing
 This function is called by:
		_MonitorMotor2IncrementButton
 This function uses a non-reentrant model


 *************** function _MonitorMotor2DecrementButton *****************
 Defined at:
		line 210 in file "main.c"
 Parameters:    Size  Location     Type
		None
 Auto vars:     Size  Location     Type
		None
 Return value:  Size  Location     Type
		None               void
 Registers used:
		wreg, status,2, status,0, cstack
 Tracked objects:
		On entry : 
		On exit  : 
		Unchanged: 
 Data sizes:     COMRAM   BANK0   BANK1   BANK2
      Params:         0       0       0       0
      Locals:         0       0       0       0
      Temps:          0       0       0       0
      Totals:         0       0       0       0
Total ram usage:        0 bytes
 Hardware stack levels used:    1
 Hardware stack levels required when called:    1
 This function calls:
		_DecrementMotor2DutyCycle
 This function is called by:
		_MonitorMotor2Buttons
 This function uses a non-reentrant model


 *************** function _DecrementMotor2DutyCycle *****************
 Defined at:
		line 157 in file "main.c"
 Parameters:    Size  Location     Type
		None
 Auto vars:     Size  Location     Type
		None
 Return value:  Size  Location     Type
		None               void
 Registers used:
		wreg, status,2, status,0
 Tracked objects:
		On entry : 
		On exit  : 
		Unchanged: 
 Data sizes:     COMRAM   BANK0   BANK1   BANK2
      Params:         0       0       0       0
      Locals:         0       0       0       0
      Temps:          0       0       0       0
      Totals:         0       0       0       0
Total ram usage:        0 bytes
 Hardware stack levels used:    1
 This function calls:
		Nothing
 This function is called by:
		_MonitorMotor2DecrementButton
 This function uses a non-reentrant model


 *************** function _MonitorMotor1Buttons *****************
 Defined at:
		line 236 in file "main.c"
 Parameters:    Size  Location     Type
		None
 Auto vars:     Size  Location     Type
		None
 Return value:  Size  Location     Type
		None               void
 Registers used:
		wreg, status,2, status,0, cstack
 Tracked objects:
		On entry : 
		On exit  : 
		Unchanged: 
 Data sizes:     COMRAM   BANK0   BANK1   BANK2
      Params:         0       0       0       0
      Locals:         0       0       0       0
      Temps:          0       0       0       0
      Totals:         0       0       0       0
Total ram usage:        0 bytes
 Hardware stack levels used:    1
 Hardware stack levels required when called:    2
 This function calls:
		_MonitorMotor1DecrementButton
		_MonitorMotor1IncrementButton
 This function is called by:
		_Interrupt
 This function uses a non-reentrant model


 *************** function _MonitorMotor1IncrementButton *****************
 Defined at:
		line 171 in file "main.c"
 Parameters:    Size  Location     Type
		None
 Auto vars:     Size  Location     Type
		None
 Return value:  Size  Location     Type
		None               void
 Registers used:
		wreg, status,2, status,0, cstack
 Tracked objects:
		On entry : 
		On exit  : 
		Unchanged: 
 Data sizes:     COMRAM   BANK0   BANK1   BANK2
      Params:         0       0       0       0
      Locals:         0       0       0       0
      Temps:          0       0       0       0
      Totals:         0       0       0       0
Total ram usage:        0 bytes
 Hardware stack levels used:    1
 Hardware stack levels required when called:    1
 This function calls:
		_IncrementMotor1DutyCycle
 This function is called by:
		_MonitorMotor1Buttons
 This function uses a non-reentrant model


 *************** function _IncrementMotor1DutyCycle *****************
 Defined at:
		line 133 in file "main.c"
 Parameters:    Size  Location     Type
		None
 Auto vars:     Size  Location     Type
		None
 Return value:  Size  Location     Type
		None               void
 Registers used:
		wreg, status,2, status,0
 Tracked objects:
		On entry : 
		On exit  : 
		Unchanged: 
 Data sizes:     COMRAM   BANK0   BANK1   BANK2
      Params:         0       0       0       0
      Locals:         0       0       0       0
      Temps:          0       0       0       0
      Totals:         0       0       0       0
Total ram usage:        0 bytes
 Hardware stack levels used:    1
 This function calls:
		Nothing
 This function is called by:
		_MonitorMotor1IncrementButton
 This function uses a non-reentrant model


 *************** function _MonitorMotor1DecrementButton *****************
 Defined at:
		line 184 in file "main.c"
 Parameters:    Size  Location     Type
		None
 Auto vars:     Size  Location     Type
		None
 Return value:  Size  Location     Type
		None               void
 Registers used:
		wreg, status,2, status,0, cstack
 Tracked objects:
		On entry : 
		On exit  : 
		Unchanged: 
 Data sizes:     COMRAM   BANK0   BANK1   BANK2
      Params:         0       0       0       0
      Locals:         0       0       0       0
      Temps:          0       0       0       0
      Totals:         0       0       0       0
Total ram usage:        0 bytes
 Hardware stack levels used:    1
 Hardware stack levels required when called:    1
 This function calls:
		_DecrementMotor1DutyCycle
 This function is called by:
		_MonitorMotor1Buttons
 This function uses a non-reentrant model


 *************** function _DecrementMotor1DutyCycle *****************
 Defined at:
		line 141 in file "main.c"
 Parameters:    Size  Location     Type
		None
 Auto vars:     Size  Location     Type
		None
 Return value:  Size  Location     Type
		None               void
 Registers used:
		wreg, status,2, status,0
 Tracked objects:
		On entry : 
		On exit  : 
		Unchanged: 
 Data sizes:     COMRAM   BANK0   BANK1   BANK2
      Params:         0       0       0       0
      Locals:         0       0       0       0
      Temps:          0       0       0       0
      Totals:         0       0       0       0
Total ram usage:        0 bytes
 Hardware stack levels used:    1
 This function calls:
		Nothing
 This function is called by:
		_MonitorMotor1DecrementButton
 This function uses a non-reentrant model


 *************** function _MonitorCenteringButton *****************
 Defined at:
		line 223 in file "main.c"
 Parameters:    Size  Location     Type
		None
 Auto vars:     Size  Location     Type
		None
 Return value:  Size  Location     Type
		None               void
 Registers used:
		wreg, status,2, status,0, cstack
 Tracked objects:
		On entry : 
		On exit  : 
		Unchanged: 
 Data sizes:     COMRAM   BANK0   BANK1   BANK2
      Params:         0       0       0       0
      Locals:         0       0       0       0
      Temps:          0       0       0       0
      Totals:         0       0       0       0
Total ram usage:        0 bytes
 Hardware stack levels used:    1
 Hardware stack levels required when called:    1
 This function calls:
		_CenterMotors
 This function is called by:
		_Interrupt
 This function uses a non-reentrant model


 *************** function _CenterMotors *****************
 Defined at:
		line 165 in file "main.c"
 Parameters:    Size  Location     Type
		None
 Auto vars:     Size  Location     Type
		None
 Return value:  Size  Location     Type
		None               void
 Registers used:
		wreg, status,2
 Tracked objects:
		On entry : 
		On exit  : 
		Unchanged: 
 Data sizes:     COMRAM   BANK0   BANK1   BANK2
      Params:         0       0       0       0
      Locals:         0       0       0       0
      Temps:          0       0       0       0
      Totals:         0       0       0       0
Total ram usage:        0 bytes
 Hardware stack levels used:    1
 This function calls:
		Nothing
 This function is called by:
		_MonitorCenteringButton
 This function uses a non-reentrant model



MODULE INFORMATION

Module		Function		Class		Link	Load	Size
shared
		__initialization		CODE           	0102	0000	45

shared estimated size: 45

main.c
		_IntializeInputPins		CODE           	023C	0000	21
		_DecrementMotor1DutyCycle		CODE           	0262	0000	19
		_DecrementMotor2DutyCycle		CODE           	0250	0000	19
		_Interrupt     		CODE           	0008	0000	247
		_ConfigureTimers		CODE           	0294	0000	15
		_main          		CODE           	0286	0000	15
		_CenterMotors  		CODE           	0274	0000	19
		_IncrementMotor1DutyCycle		CODE           	0226	0000	23
		_IncrementMotor2DutyCycle		CODE           	0210	0000	23
		_MonitorRelayButton		CODE           	0138	0000	37
		_InitializeOutputPins		CODE           	02D2	0000	9
		_WriteMotor1Output		CODE           	02B0	0000	15
		_WriteMotor2Output		CODE           	02A2	0000	15
		_MonitorMotor1DecrementButton		CODE           	01C8	0000	37
		_MonitorMotor2DecrementButton		CODE           	0180	0000	37
		_MonitorMotor1IncrementButton		CODE           	01A4	0000	37
		_MonitorMotor2IncrementButton		CODE           	015C	0000	37
		_ToggleRelayOutput		CODE           	02DE	0000	5
		_MonitorCenteringButton		CODE           	01EC	0000	37
		_MonitorMotor1Buttons		CODE           	02C8	0000	11
		_MonitorMotor2Buttons		CODE           	02BE	0000	11

main.c estimated size: 689

